1000 26
nanananananananananananana
ananananananananananananan
nanananananananananananana
ananananananananananananan
nanananananananananananana
ananananananananananananan
nanananananananananananana
ananananananananananananan
nanananananananananananana
ananananananananananananan
nanananananananananananana
ananananananananananananan
nanananananananananananana
ananananananananananananan
nanananananananananananana
ananananananananananananan
nanananananananananananana
ananananananananananananan
nanananananananananananana
ananananananananananananan
nanananananananananananana
ananananananananananananan
nanananananananananananana
ananananananananananananan
nanananananananananananana
ananananananananananananan
nanananananananananananana
ananananananananananananan
nanananananananananananana
ananananananananananananan
nanananananananananananana
ananananananananananananan
nanananananananananananana
ananananananananananananan
nanananananananananananana
ananananananananananananan
nanananananananananananana
ananananananananananananan
nanananananananananananana
ananananananananananananan
nanananananananananananana
ananananananananananananan
nanananananananananananana
ananananananananananananan
nanananananananananananana
ananananananananananananan
nanananananananananananana
ananananananananananananan
nanananananananananananana
ananananananananananananan
nanananananananananananana
ananananananananananananan
nanananananananananananana
ananananananananananananan
nanananananananananananana
ananananananananananananan
nanananananananananananana
ananananananananananananan
nanananananananananananana
ananananananananananananan
nanananananananananananana
ananananananananananananan
nanananananananananananana
ananananananananananananan
nanananananananananananana
ananananananananananananan
nanananananananananananana
ananananananananananananan
nanananananananananananana
ananananananananananananan
nanananananananananananana
ananananananananananananan
nanananananananananananana
ananananananananananananan
nanananananananananananana
ananananananananananananan
nanananananananananananaob
bobobobobobobobobobobobobo
obobobobobobobobobobobobob
bobobobobobobobobobobobobo
obobobobobobobobobobobobob
bobobobobobobobobobobobobo
obobobobobobobobobobobobob
bobobobobobobobobobobobobo
obobobobobobobobobobobobob
bobobobobobobobobobobobobo
obobobobobobobobobobobobob
bobobobobobobobobobobobobo
obobobobobobobobobobobobob
bobobobobobobobobobobobobo
obobobobobobobobobobobobob
bobobobobobobobobobobobobo
obobobobobobobobobobobobob
bobobobobobobobobobobobobo
obobobobobobobobobobobobob
bobobobobobobobobobobobobo
obobobobobobobobobobobobob
bobobobobobobobobobobobobo
obobobobobobobobobobobobob
bobobobobobobobobobobobobo
obobobobobobobobobobobobob
bobobobobobobobobobobobobo
obobobobobobobobobobobobob
bobobobobobobobobobobobobo
obobobobobobobobobobobobob
bobobobobobobobobobobobobo
obobobobobobobobobobobobob
bobobobobobobobobobobobobo
obobobobobobobobobobobobob
bobobobobobobobobobobobobo
obobobobobobobobobobobobob
bobobobobobobobobobobobobo
obobobobobobobobobobobobob
bobobobobobobobobobobobobo
obobobobobobobobobobobobob
bobobobobobobobobobobobobo
obobobobobobobobobobobobob
bobobobobobobobobobobobobo
obobobobobobobobobobobobob
bobobobobobobobobobobobobo
obobobobobobobobobobobobob
bobobobobobobobobobobobobo
obobobobobobobobobobobobob
bobobobobobobobobobobobobo
obobobobobobobobobobobobob
bobobobobobobobobobobobobo
obobobobobobobobobobobobob
bobobobobobobobobobobobobo
obobobobobobobobobobobobob
bobobobobobobobobobobobobo
obobobobobobobobobobobobob
bobobobobobobobobobobobobo
obobobobobobobobobobobobob
bobobobobobobobobobobobobo
obobobobobobobobobobobobob
bobobobobobobobobobobobobo
obobobobobobobobobobobobob
bobobobobobobobobobobobobo
obobobobobobobobobobobobob
bobobobobobobobobobobobobo
obobobobobobobobobobobobob
bobobobobobobobobobobobobo
obobobobobobobobobobobobob
bobobobobobobobobobobobobo
obobobobobobobobobobobobob
bobobobobobobobobobobobobo
obobobobobobobobobobobobob
bobobobobobobobobobobobobo
obobobobobobobobobobobobob
bobobobobobobobobobobobobo
obobobobobobobobobobobobob
bobobobobobobobobobobobobo
obobobobobobobobobobobobob
bobobobobobobobobobobocpcp
pcpcpcpcpcpcpcpcpcpcpcpcpc
cpcpcpcpcpcpcpcpcpcpcpcpcp
pcpcpcpcpcpcpcpcpcpcpcpcpc
cpcpcpcpcpcpcpcpcpcpcpcpcp
pcpcpcpcpcpcpcpcpcpcpcpcpc
cpcpcpcpcpcpcpcpcpcpcpcpcp
pcpcpcpcpcpcpcpcpcpcpcpcpc
cpcpcpcpcpcpcpcpcpcpcpcpcp
pcpcpcpcpcpcpcpcpcpcpcpcpc
cpcpcpcpcpcpcpcpcpcpcpcpcp
pcpcpcpcpcpcpcpcpcpcpcpcpc
cpcpcpcpcpcpcpcpcpcpcpcpcp
pcpcpcpcpcpcpcpcpcpcpcpcpc
cpcpcpcpcpcpcpcpcpcpcpcpcp
pcpcpcpcpcpcpcpcpcpcpcpcpc
cpcpcpcpcpcpcpcpcpcpcpcpcp
pcpcpcpcpcpcpcpcpcpcpcpcpc
cpcpcpcpcpcpcpcpcpcpcpcpcp
pcpcpcpcpcpcpcpcpcpcpcpcpc
cpcpcpcpcpcpcpcpcpcpcpcpcp
pcpcpcpcpcpcpcpcpcpcpcpcpc
cpcpcpcpcpcpcpcpcpcpcpcpcp
pcpcpcpcpcpcpcpcpcpcpcpcpc
cpcpcpcpcpcpcpcpcpcpcpcpcp
pcpcpcpcpcpcpcpcpcpcpcpcpc
cpcpcpcpcpcpcpcpcpcpcpcpcp
pcpcpcpcpcpcpcpcpcpcpcpcpc
cpcpcpcpcpcpcpcpcpcpcpcpcp
pcpcpcpcpcpcpcpcpcpcpcpcpc
cpcpcpcpcpcpcpcpcpcpcpcpcp
pcpcpcpcpcpcpcpcpcpcpcpcpc
cpcpcpcpcpcpcpcpcpcpcpcpcp
pcpcpcpcpcpcpcpcpcpcpcpcpc
cpcpcpcpcpcpcpcpcpcpcpcpcp
pcpcpcpcpcpcpcpcpcpcpcpcpc
cpcpcpcpcpcpcpcpcpcpcpcpcp
pcpcpcpcpcpcpcpcpcpcpcpcpc
cpcpcpcpcpcpcpcpcpcpcpcpcp
pcpcpcpcpcpcpcpcpcpcpcpcpc
cpcpcpcpcpcpcpcpcpcpcpcpcp
pcpcpcpcpcpcpcpcpcpcpcpcpc
cpcpcpcpcpcpcpcpcpcpcpcpcp
pcpcpcpcpcpcpcpcpcpcpcpcpc
cpcpcpcpcpcpcpcpcpcpcpcpcp
pcpcpcpcpcpcpcpcpcpcpcpcpc
cpcpcpcpcpcpcpcpcpcpcpcpcp
pcpcpcpcpcpcpcpcpcpcpcpcpc
cpcpcpcpcpcpcpcpcpcpcpcpcp
pcpcpcpcpcpcpcpcpcpcpcpcpc
cpcpcpcpcpcpcpcpcpcpcpcpcp
pcpcpcpcpcpcpcpcpcpcpcpcpc
cpcpcpcpcpcpcpcpcpcpcpcpcp
pcpcpcpcpcpcpcpcpcpcpcpcpc
cpcpcpcpcpcpcpcpcpcpcpcpcp
pcpcpcpcpcpcpcpcpcpcpcpcpc
cpcpcpcpcpcpcpcpcpcpcpcpcp
pcpcpcpcpcpcpcpcpcpcpcpcpc
cpcpcpcpcpcpcpcpcpcpcpcpcp
pcpcpcpcpcpcpcpcpcpcpcpcpc
cpcpcpcpcpcpcpcpcpcpcpcpcp
pcpcpcpcpcpcpcpcpcpcpcpcpc
cpcpcpcpcpcpcpcpcpcpcpcpcp
pcpcpcpcpcpcpcpcpcpcpcpcpc
cpcpcpcpcpcpcpcpcpcpcpcpcp
pcpcpcpcpcpcpcpcpcpcpcpcpc
cpcpcpcpcpcpcpcpcpcpcpcpcp
pcpcpcpcpcpcpcpcpcpcpcpcpc
cpcpcpcpcpcpcpcpcpcpcpcpcp
pcpcpcpcpcpcpcpcpcpcpcpcpc
cpcpcpcpcpcpcpcpcpcpcpcpcp
pcpcpcpcpcpcpcpcpcpcpcpcpc
cpcpcpcpcpcpcpcpcpcpcpcpcp
pcpcpcpcpcpcpcpcpcpcpcpcpc
cpcpcpcpcpcpcpcpcpcpcpcpcp
pcpcpcpcpcpcpcpcpcpcpcpcpc
cpcpcpcpcpcpcpcpcpcpcpcpcp
pcpcpcpcpcpcpcpcpcpcqdqdqd
dqdqdqdqdqdqdqdqdqdqdqdqdq
qdqdqdqdqdqdqdqdqdqdqdqdqd
dqdqdqdqdqdqdqdqdqdqdqdqdq
qdqdqdqdqdqdqdqdqdqdqdqdqd
dqdqdqdqdqdqdqdqdqdqdqdqdq
qdqdqdqdqdqdqdqdqdqdqdqdqd
dqdqdqdqdqdqdqdqdqdqdqdqdq
qdqdqdqdqdqdqdqdqdqdqdqdqd
dqdqdqdqdqdqdqdqdqdqdqdqdq
qdqdqdqdqdqdqdqdqdqdqdqdqd
dqdqdqdqdqdqdqdqdqdqdqdqdq
qdqdqdqdqdqdqdqdqdqdqdqdqd
dqdqdqdqdqdqdqdqdqdqdqdqdq
qdqdqdqdqdqdqdqdqdqdqdqdqd
dqdqdqdqdqdqdqdqdqdqdqdqdq
qdqdqdqdqdqdqdqdqdqdqdqdqd
dqdqdqdqdqdqdqdqdqdqdqdqdq
qdqdqdqdqdqdqdqdqdqdqdqdqd
dqdqdqdqdqdqdqdqdqdqdqdqdq
qdqdqdqdqdqdqdqdqdqdqdqdqd
dqdqdqdqdqdqdqdqdqdqdqdqdq
qdqdqdqdqdqdqdqdqdqdqdqdqd
dqdqdqdqdqdqdqdqdqdqdqdqdq
qdqdqdqdqdqdqdqdqdqdqdqdqd
dqdqdqdqdqdqdqdqdqdqdqdqdq
qdqdqdqdqdqdqdqdqdqdqdqdqd
dqdqdqdqdqdqdqdqdqdqdqdqdq
qdqdqdqdqdqdqdqdqdqdqdqdqd
dqdqdqdqdqdqdqdqdqdqdqdqdq
qdqdqdqdqdqdqdqdqdqdqdqdqd
dqdqdqdqdqdqdqdqdqdqdqdqdq
qdqdqdqdqdqdqdqdqdqdqdqdqd
dqdqdqdqdqdqdqdqdqdqdqdqdq
qdqdqdqdqdqdqdqdqdqdqdqdqd
dqdqdqdqdqdqdqdqdqdqdqdqdq
qdqdqdqdqdqdqdqdqdqdqdqdqd
dqdqdqdqdqdqdqdqdqdqdqdqdq
qdqdqdqdqdqdqdqdqdqdqdqdqd
dqdqdqdqdqdqdqdqdqdqdqdqdq
qdqdqdqdqdqdqdqdqdqdqdqdqd
dqdqdqdqdqdqdqdqdqdqdqdqdq
qdqdqdqdqdqdqdqdqdqdqdqdqd
dqdqdqdqdqdqdqdqdqdqdqdqdq
qdqdqdqdqdqdqdqdqdqdqdqdqd
dqdqdqdqdqdqdqdqdqdqdqdqdq
qdqdqdqdqdqdqdqdqdqdqdqdqd
dqdqdqdqdqdqdqdqdqdqdqdqdq
qdqdqdqdqdqdqdqdqdqdqdqdqd
dqdqdqdqdqdqdqdqdqdqdqdqdq
qdqdqdqdqdqdqdqdqdqdqdqdqd
dqdqdqdqdqdqdqdqdqdqdqdqdq
qdqdqdqdqdqdqdqdqdqdqdqdqd
dqdqdqdqdqdqdqdqdqdqdqdqdq
qdqdqdqdqdqdqdqdqdqdqdqdqd
dqdqdqdqdqdqdqdqdqdqdqdqdq
qdqdqdqdqdqdqdqdqdqdqdqdqd
dqdqdqdqdqdqdqdqdqdqdqdqdq
qdqdqdqdqdqdqdqdqdqdqdqdqd
dqdqdqdqdqdqdqdqdqdqdqdqdq
qdqdqdqdqdqdqdqdqdqdqdqdqd
dqdqdqdqdqdqdqdqdqdqdqdqdq
qdqdqdqdqdqdqdqdqdqdqdqdqd
dqdqdqdqdqdqdqdqdqdqdqdqdq
qdqdqdqdqdqdqdqdqdqdqdqdqd
dqdqdqdqdqdqdqdqdqdqdqdqdq
qdqdqdqdqdqdqdqdqdqdqdqdqd
dqdqdqdqdqdqdqdqdqdqdqdqdq
qdqdqdqdqdqdqdqdqdqdqdqdqd
dqdqdqdqdqdqdqdqdqdqdqdqdq
qdqdqdqdqdqdqdqdqdqdqdqdqd
dqdqdqdqdqdqdqdqdqdqdqdqdq
qdqdqdqdqdqdqdqdqdqdqdqdqd
dqdqdqdqdqdqdqdqdqdqdqdqdq
qdqdqdqdqdqdqdqdqdqdqdqdqd
dqdqdqdqdqdqdqdqdqdqdqdqdq
qdqdqdqdqdqdqdqdqdqdqdqdqd
dqdqdqdqdqdqdqdqdqerererer
rerererererererererererere
ererererererererererererer
rerererererererererererere
ererererererererererererer
rerererererererererererere
ererererererererererererer
rerererererererererererere
ererererererererererererer
rerererererererererererere
ererererererererererererer
rerererererererererererere
ererererererererererererer
rerererererererererererere
ererererererererererererer
rerererererererererererere
ererererererererererererer
rerererererererererererere
ererererererererererererer
rerererererererererererere
ererererererererererererer
rerererererererererererere
ererererererererererererer
rerererererererererererere
ererererererererererererer
rerererererererererererere
ererererererererererererer
rerererererererererererere
ererererererererererererer
rerererererererererererere
ererererererererererererer
rerererererererererererere
ererererererererererererer
rerererererererererererere
ererererererererererererer
rerererererererererererere
ererererererererererererer
rerererererererererererere
ererererererererererererer
rerererererererererererere
ererererererererererererer
rerererererererererererere
ererererererererererererer
rerererererererererererere
ererererererererererererer
rerererererererererererere
ererererererererererererer
rerererererererererererere
ererererererererererererer
rerererererererererererere
ererererererererererererer
rerererererererererererere
ererererererererererererer
rerererererererererererere
ererererererererererererer
rerererererererererererere
ererererererererererererer
rerererererererererererere
ererererererererererererer
rerererererererererererere
ererererererererererererer
rerererererererererererere
ererererererererererererer
rerererererererererererere
ererererererererererererer
rerererererererererererere
ererererererererererererer
rerererererererererererere
ererererererererererererer
rerererererererererererere
ererererererererererererer
rerererererererererererere
ererererererererererererer
rerererererererererererere
ererererererererererererer
rerererererererererererere
ererererererererererererer
rerererererereresfsfsfsfsf
fsfsfsfsfsfsfsfsfsfsfsfsfs
sfsfsfsfsfsfsfsfsfsfsfsfsf
fsfsfsfsfsfsfsfsfsfsfsfsfs
sfsfsfsfsfsfsfsfsfsfsfsfsf
fsfsfsfsfsfsfsfsfsfsfsfsfs
sfsfsfsfsfsfsfsfsfsfsfsfsf
fsfsfsfsfsfsfsfsfsfsfsfsfs
sfsfsfsfsfsfsfsfsfsfsfsfsf
fsfsfsfsfsfsfsfsfsfsfsfsfs
sfsfsfsfsfsfsfsfsfsfsfsfsf
fsfsfsfsfsfsfsfsfsfsfsfsfs
sfsfsfsfsfsfsfsfsfsfsfsfsf
fsfsfsfsfsfsfsfsfsfsfsfsfs
sfsfsfsfsfsfsfsfsfsfsfsfsf
fsfsfsfsfsfsfsfsfsfsfsfsfs
sfsfsfsfsfsfsfsfsfsfsfsfsf
fsfsfsfsfsfsfsfsfsfsfsfsfs
sfsfsfsfsfsfsfsfsfsfsfsfsf
fsfsfsfsfsfsfsfsfsfsfsfsfs
sfsfsfsfsfsfsfsfsfsfsfsfsf
fsfsfsfsfsfsfsfsfsfsfsfsfs
sfsfsfsfsfsfsfsfsfsfsfsfsf
fsfsfsfsfsfsfsfsfsfsfsfsfs
sfsfsfsfsfsfsfsfsfsfsfsfsf
fsfsfsfsfsfsfsfsfsfsfsfsfs
sfsfsfsfsfsfsfsfsfsfsfsfsf
fsfsfsfsfsfsfsfsfsfsfsfsfs
sfsfsfsfsfsfsfsfsfsfsfsfsf
fsfsfsfsfsfsfsfsfsfsfsfsfs
sfsfsfsfsfsfsfsfsfsfsfsfsf
fsfsfsfsfsfsfsfsfsfsfsfsfs
sfsfsfsfsfsfsfsfsfsfsfsfsf
fsfsfsfsfsfsfsfsfsfsfsfsfs
sfsfsfsfsfsfsfsfsfsfsfsfsf
fsfsfsfsfsfsfsfsfsfsfsfsfs
sfsfsfsfsfsfsfsfsfsfsfsfsf
fsfsfsfsfsfsfsfsfsfsfsfsfs
sfsfsfsfsfsfsfsfsfsfsfsfsf
fsfsfsfsfsfsfsfsfsfsfsfsfs
sfsfsfsfsfsfsfsfsfsfsfsfsf
fsfsfsfsfsfsfsfsfsfsfsfsfs
sfsfsfsfsfsfsfsfsfsfsfsfsf
fsfsfsfsfsfsfsfsfsfsfsfsfs
sfsfsfsfsfsfsfsfsfsfsfsfsf
fsfsfsfsfsfsfsfsfsfsfsfsfs
sfsfsfsfsfsfsfsfsfsfsfsfsf
fsfsfsfsfsfsfsfsfsfsfsfsfs
sfsfsfsfsfsfsfsfsfsfsfsfsf
fsfsfsfsfsfsfsfsfsfsfsfsfs
sfsfsfsfsfsfsfsfsfsfsfsfsf
fsfsfsfsfsfsfsfsfsfsfsfsfs
sfsfsfsfsfsfsfsfsfsfsfsfsf
fsfsfsfsfsfsfsfsfsfsfsfsfs
sfsfsfsfsfsfsfsfsfsfsfsfsf
fsfsfsfsfsfsfsfsfsfsfsfsfs
sfsfsfsfsfsfsfsfsfsfsfsfsf
fsfsfsfsfsfsfsfsfsfsfsfsfs
sfsfsfsfsfsfsfsfsfsfsfsfsf
fsfsfsfsfsfsfsfsfsfsfsfsfs
sfsfsfsfsfsfsfsfsfsfsfsfsf
fsfsfsfsfsfsfsfsfsfsfsfsfs
sfsfsfsfsfsfsfsfsfsfsfsfsf
fsfsfsfsfsfsfsfsfsfsfsfsfs
sfsfsfsfsfsfsfsfsfsfsfsfsf
fsfsfsfsfsfsfsfsfsfsfsfsfs
sfsfsfsfsfsfsfsfsfsfsfsfsf
fsfsfsfsfsfsfsfsfsfsfsfsfs
sfsfsfsfsfsfsfsfsfsfsfsfsf
fsfsfsfsfsfsfsfsfsfsfsfsfs
sfsfsfsfsfsfsfsfsfsfsfsfsf
fsfsfsfsfsfsfsfsfsfsfsfsfs
sfsfsfsfsfsfsfsfsfsfsfsfsf
fsfsfsfsfsfsfsfsfsfsfsfsfs
sfsfsfsfsfsfsfsfsfsfsfsfsf
fsfsfsfsfsfsfsfsfsfsfsfsfs
sfsfsfsfsfsfsfsfsfsfsfsfsf
fsfsfsfsfsfsfsgtgtgtgtgtgt
tgtgtgtgtgtgtgtgtgtgtgtgtg
gtgtgtgtgtgtgtgtgtgtgtgtgt
tgtgtgtgtgtgtgtgtgtgtgtgtg
gtgtgtgtgtgtgtgtgtgtgtgtgt
tgtgtgtgtgtgtgtgtgtgtgtgtg
gtgtgtgtgtgtgtgtgtgtgtgtgt
tgtgtgtgtgtgtgtgtgtgtgtgtg
gtgtgtgtgtgtgtgtgtgtgtgtgt
tgtgtgtgtgtgtgtgtgtgtgtgtg
gtgtgtgtgtgtgtgtgtgtgtgtgt
tgtgtgtgtgtgtgtgtgtgtgtgtg
gtgtgtgtgtgtgtgtgtgtgtgtgt
tgtgtgtgtgtgtgtgtgtgtgtgtg
gtgtgtgtgtgtgtgtgtgtgtgtgt
tgtgtgtgtgtgtgtgtgtgtgtgtg
gtgtgtgtgtgtgtgtgtgtgtgtgt
tgtgtgtgtgtgtgtgtgtgtgtgtg
gtgtgtgtgtgtgtgtgtgtgtgtgt
tgtgtgtgtgtgtgtgtgtgtgtgtg
gtgtgtgtgtgtgtgtgtgtgtgtgt
tgtgtgtgtgtgtgtgtgtgtgtgtg
gtgtgtgtgtgtgtgtgtgtgtgtgt
tgtgtgtgtgtgtgtgtgtgtgtgtg
gtgtgtgtgtgtgtgtgtgtgtgtgt
tgtgtgtgtgtgtgtgtgtgtgtgtg
gtgtgtgtgtgtgtgtgtgtgtgtgt
tgtgtgtgtgtgtgtgtgtgtgtgtg
gtgtgtgtgtgtgtgtgtgtgtgtgt
tgtgtgtgtgtgtgtgtgtgtgtgtg
gtgtgtgtgtgtgtgtgtgtgtgtgt
tgtgtgtgtgtgtgtgtgtgtgtgtg
gtgtgtgtgtgtgtgtgtgtgtgtgt
tgtgtgtgtgtgtgtgtgtgtgtgtg
gtgtgtgtgtgtgtgtgtgtgtgtgt
tgtgtgtgtgtgtgtgtgtgtgtgtg
gtgtgtgtgtgtgtgtgtgtgtgtgt
tgtgtgtgtgtgtgtgtgtgtgtgtg
gtgtgtgtgtgtgtgtgtgtgtgtgt
tgtgtgtgtgtgtgtgtgtgtgtgtg
gtgtgtgtgtgtgtgtgtgtgtgtgt
tgtgtgtgtgtgtgtgtgtgtgtgtg
gtgtgtgtgtgtgtgtgtgtgtgtgt
tgtgtgtgtgtgtgtgtgtgtgtgtg
gtgtgtgtgtgtgtgtgtgtgtgtgt
tgtgtgtgtgtgtgtgtgtgtgtgtg
gtgtgtgtgtgtgtgtgtgtgtgtgt
tgtgtgtgtgtgtgtgtgtgtgtgtg
gtgtgtgtgtgtgtgtgtgtgtgtgt
tgtgtgtgtgtgtgtgtgtgtgtgtg
gtgtgtgtgtgtgtgtgtgtgtgtgt
tgtgtgtgtgtgtgtgtgtgtgtgtg
gtgtgtgtgtgtgtgtgtgtgtgtgt
tgtgtgtgtgtgtgtgtgtgtgtgtg
gtgtgtgtgtgtgtgtgtgtgtgtgt
tgtgtgtgtgtgtgtgtgtgtgtgtg
gtgtgtgtgtgtgtgtgtgtgtgtgt
tgtgtgtgtgtgtgtgtgtgtgtgtg
gtgtgtgtgtgtgtgtgtgtgtgtgt
tgtgtgtgtgtgtgtgtgtgtgtgtg
gtgtgtgtgtgtgtgtgtgtgtgtgt
tgtgtgtgtgtgtgtgtgtgtgtgtg
gtgtgtgtgtgtgtgtgtgtgtgtgt
tgtgtgtgtgtgtgtgtgtgtgtgtg
gtgtgtgtgtgtgtgtgtgtgtgtgt
tgtgtgtgtgtgtgtgtgtgtgtgtg
gtgtgtgtgtgtgtgtgtgtgtgtgt
tgtgtgtgtgtgtgtgtgtgtgtgtg
gtgtgtgtgtgtgtgtgtgtgtgtgt
tgtgtgtgtgtgtgtgtgtgtgtgtg
gtgtgtgtgtgtgtgtgtgtgtgtgt
tgtgtgtgtgtgtgtgtgtgtgtgtg
gtgtgtgtgtgtgtgtgtgtgtgtgt
tgtgtgtgtgtgtgtgtgtgtgtgtg
gtgtgtgtgtgtgtgtgtgtgtgtgt
tgtgtgtgtgtgtgtgtgtgtgtgtg
gtgtgtgtgtgtgtgtgtgtgtgtgt
tgtgtgtgtgtguhuhuhuhuhuhuh
huhuhuhuhuhuhuhuhuhuhuhuhu
uhuhuhuhuhuhuhuhuhuhuhuhuh
huhuhuhuhuhuhuhuhuhuhuhuhu
uhuhuhuhuhuhuhuhuhuhuhuhuh
huhuhuhuhuhuhuhuhuhuhuhuhu
uhuhuhuhuhuhuhuhuhuhuhuhuh
huhuhuhuhuhuhuhuhuhuhuhuhu
uhuhuhuhuhuhuhuhuhuhuhuhuh
huhuhuhuhuhuhuhuhuhuhuhuhu
uhuhuhuhuhuhuhuhuhuhuhuhuh
huhuhuhuhuhuhuhuhuhuhuhuhu
uhuhuhuhuhuhuhuhuhuhuhuhuh
huhuhuhuhuhuhuhuhuhuhuhuhu
uhuhuhuhuhuhuhuhuhuhuhuhuh
huhuhuhuhuhuhuhuhuhuhuhuhu
uhuhuhuhuhuhuhuhuhuhuhuhuh
huhuhuhuhuhuhuhuhuhuhuhuhu
uhuhuhuhuhuhuhuhuhuhuhuhuh
huhuhuhuhuhuhuhuhuhuhuhuhu
uhuhuhuhuhuhuhuhuhuhuhuhuh
huhuhuhuhuhuhuhuhuhuhuhuhu
uhuhuhuhuhuhuhuhuhuhuhuhuh
huhuhuhuhuhuhuhuhuhuhuhuhu
uhuhuhuhuhuhuhuhuhuhuhuhuh
huhuhuhuhuhuhuhuhuhuhuhuhu
uhuhuhuhuhuhuhuhuhuhuhuhuh
huhuhuhuhuhuhuhuhuhuhuhuhu
uhuhuhuhuhuhuhuhuhuhuhuhuh
huhuhuhuhuhuhuhuhuhuhuhuhu
uhuhuhuhuhuhuhuhuhuhuhuhuh
huhuhuhuhuhuhuhuhuhuhuhuhu
uhuhuhuhuhuhuhuhuhuhuhuhuh
huhuhuhuhuhuhuhuhuhuhuhuhu
uhuhuhuhuhuhuhuhuhuhuhuhuh
huhuhuhuhuhuhuhuhuhuhuhuhu
uhuhuhuhuhuhuhuhuhuhuhuhuh
huhuhuhuhuhuhuhuhuhuhuhuhu
uhuhuhuhuhuhuhuhuhuhuhuhuh
huhuhuhuhuhuhuhuhuhuhuhuhu
uhuhuhuhuhuhuhuhuhuhuhuhuh
huhuhuhuhuhuhuhuhuhuhuhuhu
uhuhuhuhuhuhuhuhuhuhuhuhuh
huhuhuhuhuhuhuhuhuhuhuhuhu
uhuhuhuhuhuhuhuhuhuhuhuhuh
huhuhuhuhuhuhuhuhuhuhuhuhu
uhuhuhuhuhuhuhuhuhuhuhuhuh
huhuhuhuhuhuhuhuhuhuhuhuhu
uhuhuhuhuhuhuhuhuhuhuhuhuh
huhuhuhuhuhuhuhuhuhuhuhuhu
uhuhuhuhuhuhuhuhuhuhuhuhuh
huhuhuhuhuhuhuhuhuhuhuhuhu
uhuhuhuhuhuhuhuhuhuhuhuhuh
huhuhuhuhuhuhuhuhuhuhuhuhu
uhuhuhuhuhuhuhuhuhuhuhuhuh
huhuhuhuhuhuhuhuhuhuhuhuhu
uhuhuhuhuhuhuhuhuhuhuhuhuh
huhuhuhuhuhuhuhuhuhuhuhuhu
uhuhuhuhuhuhuhuhuhuhuhuhuh
huhuhuhuhuhuhuhuhuhuhuhuhu
uhuhuhuhuhuhuhuhuhuhuhuhuh
huhuhuhuhuhuhuhuhuhuhuhuhu
uhuhuhuhuhuhuhuhuhuhuhuhuh
huhuhuhuhuhuhuhuhuhuhuhuhu
uhuhuhuhuhuhuhuhuhuhuhuhuh
huhuhuhuhuhuhuhuhuhuhuhuhu
uhuhuhuhuhuhuhuhuhuhuhuhuh
huhuhuhuhuhuhuhuhuhuhuhuhu
uhuhuhuhuhuhuhuhuhuhuhuhuh
huhuhuhuhuhuhuhuhuhuhuhuhu
uhuhuhuhuhuhuhuhuhuhuhuhuh
huhuhuhuhuhuhuhuhuhuhuhuhu
uhuhuhuhuhuhuhuhuhuhuhuhuh
huhuhuhuhuhuhuhuhuhuhuhuhu
uhuhuhuhuhuhuhuhuhuhuhuhuh
huhuhuhuhuhuhuhuhuhuhuhuhu
uhuhuhuhuhuhuhuhuhuhuhuhuh
huhuhuhuhuiviviviviviviviv
vivivivivivivivivivivivivi
iviviviviviviviviviviviviv
vivivivivivivivivivivivivi
iviviviviviviviviviviviviv
vivivivivivivivivivivivivi
iviviviviviviviviviviviviv
vivivivivivivivivivivivivi
iviviviviviviviviviviviviv
vivivivivivivivivivivivivi
iviviviviviviviviviviviviv
vivivivivivivivivivivivivi
iviviviviviviviviviviviviv
vivivivivivivivivivivivivi
iviviviviviviviviviviviviv
vivivivivivivivivivivivivi
iviviviviviviviviviviviviv
vivivivivivivivivivivivivi
iviviviviviviviviviviviviv
vivivivivivivivivivivivivi
iviviviviviviviviviviviviv
vivivivivivivivivivivivivi
iviviviviviviviviviviviviv
vivivivivivivivivivivivivi
iviviviviviviviviviviviviv
vivivivivivivivivivivivivi
iviviviviviviviviviviviviv
vivivivivivivivivivivivivi
iviviviviviviviviviviviviv
vivivivivivivivivivivivivi
iviviviviviviviviviviviviv
vivivivivivivivivivivivivi
iviviviviviviviviviviviviv
vivivivivivivivivivivivivi
iviviviviviviviviviviviviv
vivivivivivivivivivivivivi
iviviviviviviviviviviviviv
vivivivivivivivivivivivivi
iviviviviviviviviviviviviv
vivivivivivivivivivivivivi
iviviviviviviviviviviviviv
vivivivivivivivivivivivivi
iviviviviviviviviviviviviv
vivivivivivivivivivivivivi
iviviviviviviviviviviviviv
vivivivivivivivivivivivivi
iviviviviviviviviviviviviv
vivivivivivivivivivivivivi
iviviviviviviviviviviviviv
vivivivivivivivivivivivivi
iviviviviviviviviviviviviv
vivivivivivivivivivivivivi
iviviviviviviviviviviviviv
vivivivivivivivivivivivivi
iviviviviviviviviviviviviv
vivivivivivivivivivivivivi
iviviviviviviviviviviviviv
vivivivivivivivivivivivivi
iviviviviviviviviviviviviv
vivivivivivivivivivivivivi
iviviviviviviviviviviviviv
vivivivivivivivivivivivivi
iviviviviviviviviviviviviv
vivivivivivivivivivivivivi
iviviviviviviviviviviviviv
vivivivivivivivivivivivivi
iviviviviviviviviviviviviv
vivivivivivivivivivivivivi
iviviviviviviviviviviviviv
vivivivivivivivivivivivivi
iviviviviviviviviviviviviv
vivivivivivivivivivivivivi
iviviviviviviviviviviviviv
vivivivivivivivivivivivivi
iviviviviviviviviviviviviv
vivivivivivivivivivivivivi
iviviviviviviviviviviviviv
viviviviwjwjwjwjwjwjwjwjwj
jwjwjwjwjwjwjwjwjwjwjwjwjw
wjwjwjwjwjwjwjwjwjwjwjwjwj
jwjwjwjwjwjwjwjwjwjwjwjwjw
wjwjwjwjwjwjwjwjwjwjwjwjwj
jwjwjwjwjwjwjwjwjwjwjwjwjw
wjwjwjwjwjwjwjwjwjwjwjwjwj
jwjwjwjwjwjwjwjwjwjwjwjwjw
wjwjwjwjwjwjwjwjwjwjwjwjwj
jwjwjwjwjwjwjwjwjwjwjwjwjw
wjwjwjwjwjwjwjwjwjwjwjwjwj
jwjwjwjwjwjwjwjwjwjwjwjwjw
wjwjwjwjwjwjwjwjwjwjwjwjwj
jwjwjwjwjwjwjwjwjwjwjwjwjw
wjwjwjwjwjwjwjwjwjwjwjwjwj
jwjwjwjwjwjwjwjwjwjwjwjwjw
wjwjwjwjwjwjwjwjwjwjwjwjwj
jwjwjwjwjwjwjwjwjwjwjwjwjw
wjwjwjwjwjwjwjwjwjwjwjwjwj
jwjwjwjwjwjwjwjwjwjwjwjwjw
wjwjwjwjwjwjwjwjwjwjwjwjwj
jwjwjwjwjwjwjwjwjwjwjwjwjw
wjwjwjwjwjwjwjwjwjwjwjwjwj
jwjwjwjwjwjwjwjwjwjwjwjwjw
wjwjwjwjwjwjwjwjwjwjwjwjwj
jwjwjwjwjwjwjwjwjwjwjwjwjw
wjwjwjwjwjwjwjwjwjwjwjwjwj
jwjwjwjwjwjwjwjwjwjwjwjwjw
wjwjwjwjwjwjwjwjwjwjwjwjwj
jwjwjwjwjwjwjwjwjwjwjwjwjw
wjwjwjwjwjwjwjwjwjwjwjwjwj
jwjwjwjwjwjwjwjwjwjwjwjwjw
wjwjwjwjwjwjwjwjwjwjwjwjwj
jwjwjwjwjwjwjwjwjwjwjwjwjw
wjwjwjwjwjwjwjwjwjwjwjwjwj
jwjwjwjwjwjwjwjwjwjwjwjwjw
wjwjwjwjwjwjwjwjwjwjwjwjwj
jwjwjwjwjwjwjwjwjwjwjwjwjw
wjwjwjwjwjwjwjwjwjwjwjwjwj
jwjwjwjwjwjwjwjwjwjwjwjwjw
wjwjwjwjwjwjwjwjwjwjwjwjwj
jwjwjwjwjwjwjwjwjwjwjwjwjw
wjwjwjwjwjwjwjwjwjwjwjwjwj
jwjwjwjwjwjwjwjwjwjwjwjwjw
wjwjwjwjwjwjwjwjwjwjwjwjwj
jwjwjwjwjwjwjwjwjwjwjwjwjw
wjwjwjwjwjwjwjwjwjwjwjwjwj
jwjwjwjwjwjwjwjwjwjwjwjwjw
wjwjwjwjwjwjwjwjwjwjwjwjwj
jwjwjwjwjwjwjwjwjwjwjwjwjw
wjwjwjwjwjwjwjwjwjwjwjwjwj
jwjwjwjwjwjwjwjwjwjwjwjwjw
wjwjwjwjwjwjwjwjwjwjwjwjwj
jwjwjwjwjwjwjwjwjwjwjwjwjw
wjwjwjwjwjwjwjwjwjwjwjwjwj
jwjwjwjwjwjwjwjwjwjwjwjwjw
wjwjwjwjwjwjwjwjwjwjwjwjwj
jwjwjwjwjwjwjwjwjwjwjwjwjw
wjwjwjwjwjwjwjwjwjwjwjwjwj
jwjwjwjwjwjwjwjwjwjwjwjwjw
wjwjwjwjwjwjwjwjwjwjwjwjwj
jwjwjwjwjwjwjwjwjwjwjwjwjw
wjwjwjwjwjwjwjwjwjwjwjwjwj
jwjwjwjwjwjwjwjwjwjwjwjwjw
wjwjwjwjwjwjwjwjwjwjwjwjwj
jwjwjwjwjwjwjwjwjwjwjwjwjw
wjwjwjwjwjwjwjwjwjwjwjwjwj
jwjwjwjwjwjwjwjwjwjwjwjwjw
wjwjwjwjwjwjwjwjwjwjwjwjwj
jwjwjwjwjwjwjwjwjwjwjwjwjw
wjwjwjwjwjwjwjwjwjwjwjwjwj
jwjwjwjwjwjwjwjwjwjwjwjwjw
wjwjwjwjwjwjwjwjwjwjwjwjwj
jwjwjwjwjwjwjwjwjwjwjwjwjw
wjwjwjwjwjwjwjwjwjwjwjwjwj
jwjwjwjwjwjwjwjwjwjwjwjwjw
wjwjwjwjwjwjwjwjwjwjwjwjwj
jwjwjwkxkxkxkxkxkxkxkxkxkx
xkxkxkxkxkxkxkxkxkxkxkxkxk
kxkxkxkxkxkxkxkxkxkxkxkxkx
xkxkxkxkxkxkxkxkxkxkxkxkxk
kxkxkxkxkxkxkxkxkxkxkxkxkx
xkxkxkxkxkxkxkxkxkxkxkxkxk
kxkxkxkxkxkxkxkxkxkxkxkxkx
xkxkxkxkxkxkxkxkxkxkxkxkxk
kxkxkxkxkxkxkxkxkxkxkxkxkx
xkxkxkxkxkxkxkxkxkxkxkxkxk
kxkxkxkxkxkxkxkxkxkxkxkxkx
xkxkxkxkxkxkxkxkxkxkxkxkxk
kxkxkxkxkxkxkxkxkxkxkxkxkx
xkxkxkxkxkxkxkxkxkxkxkxkxk
kxkxkxkxkxkxkxkxkxkxkxkxkx
xkxkxkxkxkxkxkxkxkxkxkxkxk
kxkxkxkxkxkxkxkxkxkxkxkxkx
xkxkxkxkxkxkxkxkxkxkxkxkxk
kxkxkxkxkxkxkxkxkxkxkxkxkx
xkxkxkxkxkxkxkxkxkxkxkxkxk
kxkxkxkxkxkxkxkxkxkxkxkxkx
xkxkxkxkxkxkxkxkxkxkxkxkxk
kxkxkxkxkxkxkxkxkxkxkxkxkx
xkxkxkxkxkxkxkxkxkxkxkxkxk
kxkxkxkxkxkxkxkxkxkxkxkxkx
xkxkxkxkxkxkxkxkxkxkxkxkxk
kxkxkxkxkxkxkxkxkxkxkxkxkx
xkxkxkxkxkxkxkxkxkxkxkxkxk
kxkxkxkxkxkxkxkxkxkxkxkxkx
xkxkxkxkxkxkxkxkxkxkxkxkxk
kxkxkxkxkxkxkxkxkxkxkxkxkx
xkxkxkxkxkxkxkxkxkxkxkxkxk
kxkxkxkxkxkxkxkxkxkxkxkxkx
xkxkxkxkxkxkxkxkxkxkxkxkxk
kxkxkxkxkxkxkxkxkxkxkxkxkx
xkxkxkxkxkxkxkxkxkxkxkxkxk
kxkxkxkxkxkxkxkxkxkxkxkxkx
xkxkxkxkxkxkxkxkxkxkxkxkxk
kxkxkxkxkxkxkxkxkxkxkxkxkx
xkxkxkxkxkxkxkxkxkxkxkxkxk
kxkxkxkxkxkxkxkxkxkxkxkxkx
xkxkxkxkxkxkxkxkxkxkxkxkxk
kxkxkxkxkxkxkxkxkxkxkxkxkx
xkxkxkxkxkxkxkxkxkxkxkxkxk
kxkxkxkxkxkxkxkxkxkxkxkxkx
xkxkxkxkxkxkxkxkxkxkxkxkxk
kxkxkxkxkxkxkxkxkxkxkxkxkx
xkxkxkxkxkxkxkxkxkxkxkxkxk
kxkxkxkxkxkxkxkxkxkxkxkxkx
xkxkxkxkxkxkxkxkxkxkxkxkxk
kxkxkxkxkxkxkxkxkxkxkxkxkx
xkxkxkxkxkxkxkxkxkxkxkxkxk
kxkxkxkxkxkxkxkxkxkxkxkxkx
xkxkxkxkxkxkxkxkxkxkxkxkxk
kxkxkxkxkxkxkxkxkxkxkxkxkx
xkxkxkxkxkxkxkxkxkxkxkxkxk
kxkxkxkxkxkxkxkxkxkxkxkxkx
xkxkxkxkxkxkxkxkxkxkxkxkxk
kxkxkxkxkxkxkxkxkxkxkxkxkx
xkxkxkxkxkxkxkxkxkxkxkxkxk
kxkxkxkxkxkxkxkxkxkxkxkxkx
xkxkxkxkxkxkxkxkxkxkxkxkxk
kxkxkxkxkxkxkxkxkxkxkxkxkx
xkxkxkxkxkxkxkxkxkxkxkxkxk
kxkxkxkxkxkxkxkxkxkxkxkxkx
xkxkxkxkxkxkxkxkxkxkxkxkxk
kxkxkxkxkxkxkxkxkxkxkxkxkx
xkxkxkxkxkxkxkxkxkxkxkxkxk
kxkxkxkxkxkxkxkxkxkxkxkxkx
xkxkxkxkxkxkxkxkxkxkxkxkxk
kxkxkxkxkxkxkxkxkxkxkxkxkx
xkxkxkxkxkxkxkxkxkxkxkxkxk
kxkxkxkxkxkxkxkxkxkxkxkxkx
xkxkxkxkxkxkxkxkxkxkxkxkxk
kxkxkxkxkxkxkxkxkxkxkxkxkx
xkxkxkxkxkxkxkxkxkxkxkxkxk
kxkxkxkxkxkxkxkxkxkxkxkxkx
xkxkylylylylylylylylylylyl
lylylylylylylylylylylylyly
ylylylylylylylylylylylylyl
lylylylylylylylylylylylyly
ylylylylylylylylylylylylyl
lylylylylylylylylylylylyly
ylylylylylylylylylylylylyl
lylylylylylylylylylylylyly
ylylylylylylylylylylylylyl
lylylylylylylylylylylylyly
ylylylylylylylylylylylylyl
lylylylylylylylylylylylyly
ylylylylylylylylylylylylyl
lylylylylylylylylylylylyly
ylylylylylylylylylylylylyl
lylylylylylylylylylylylyly
ylylylylylylylylylylylylyl
lylylylylylylylylylylylyly
ylylylylylylylylylylylylyl
lylylylylylylylylylylylyly
ylylylylylylylylylylylylyl
lylylylylylylylylylylylyly
ylylylylylylylylylylylylyl
lylylylylylylylylylylylyly
ylylylylylylylylylylylylyl
lylylylylylylylylylylylyly
ylylylylylylylylylylylylyl
lylylylylylylylylylylylyly
ylylylylylylylylylylylylyl
lylylylylylylylylylylylyly
ylylylylylylylylylylylylyl
lylylylylylylylylylylylyly
ylylylylylylylylylylylylyl
lylylylylylylylylylylylyly
ylylylylylylylylylylylylyl
lylylylylylylylylylylylyly
ylylylylylylylylylylylylyl
lylylylylylylylylylylylyly
ylylylylylylylylylylylylyl
lylylylylylylylylylylylyly
ylylylylylylylylylylylylyl
lylylylylylylylylylylylyly
ylylylylylylylylylylylylyl
lylylylylylylylylylylylyly
ylylylylylylylylylylylylyl
lylylylylylylylylylylylyly
ylylylylylylylylylylylylyl
lylylylylylylylylylylylyly
ylylylylylylylylylylylylyl
lylylylylylylylylylylylyly
ylylylylylylylylylylylylyl
lylylylylylylylylylylylyly
ylylylylylylylylylylylylyl
lylylylylylylylylylylylyly
ylylylylylylylylylylylylyl
lylylylylylylylylylylylyly
ylylylylylylylylylylylylyl
lylylylylylylylylylylylyly
ylylylylylylylylylylylylyl
lylylylylylylylylylylylyly
ylylylylylylylylylylylylyl
lylylylylylylylylylylylyly
ylylylylylylylylylylylylyl
lylylylylylylylylylylylyly
ylylylylylylylylylylylylyl
lylylylylylylylylylylylyly
ylylylylylylylylylylylylyl
lylylylylylylylylylylylyly
ylylylylylylylylylylylylyl
lylylylylylylylylylylylyly
ylylylylylylylylylylylylyl
lylylylylylylylylylylylyly
ylylylylylylylylylylylylyl
lylylylylylylylylylylylyly
ylylylylylylylylylylylylyl
lylylylylylylylylylylylyly
ylylylylylylylylylylylylyl
lymzmzmzmzmzmzmzmzmzmzmzmz
zmzmzmzmzmzmzmzmzmzmzmzmzm
mzmzmzmzmzmzmzmzmzmzmzmzmz
zmzmzmzmzmzmzmzmzmzmzmzmzm
mzmzmzmzmzmzmzmzmzmzmzmzmz
zmzmzmzmzmzmzmzmzmzmzmzmzm
mzmzmzmzmzmzmzmzmzmzmzmzmz
zmzmzmzmzmzmzmzmzmzmzmzmzm
mzmzmzmzmzmzmzmzmzmzmzmzmz
zmzmzmzmzmzmzmzmzmzmzmzmzm
mzmzmzmzmzmzmzmzmzmzmzmzmz
zmzmzmzmzmzmzmzmzmzmzmzmzm
mzmzmzmzmzmzmzmzmzmzmzmzmz
zmzmzmzmzmzmzmzmzmzmzmzmzm
mzmzmzmzmzmzmzmzmzmzmzmzmz
zmzmzmzmzmzmzmzmzmzmzmzmzm
mzmzmzmzmzmzmzmzmzmzmzmzmz
zmzmzmzmzmzmzmzmzmzmzmzmzm
mzmzmzmzmzmzmzmzmzmzmzmzmz
zmzmzmzmzmzmzmzmzmzmzmzmzm
mzmzmzmzmzmzmzmzmzmzmzmzmz
zmzmzmzmzmzmzmzmzmzmzmzmzm
mzmzmzmzmzmzmzmzmzmzmzmzmz
zmzmzmzmzmzmzmzmzmzmzmzmzm
mzmzmzmzmzmzmzmzmzmzmzmzmz
zmzmzmzmzmzmzmzmzmzmzmzmzm
mzmzmzmzmzmzmzmzmzmzmzmzmz
zmzmzmzmzmzmzmzmzmzmzmzmzm
mzmzmzmzmzmzmzmzmzmzmzmzmz
zmzmzmzmzmzmzmzmzmzmzmzmzm
mzmzmzmzmzmzmzmzmzmzmzmzmz
zmzmzmzmzmzmzmzmzmzmzmzmzm
mzmzmzmzmzmzmzmzmzmzmzmzmz
zmzmzmzmzmzmzmzmzmzmzmzmzm
mzmzmzmzmzmzmzmzmzmzmzmzmz
zmzmzmzmzmzmzmzmzmzmzmzmzm
mzmzmzmzmzmzmzmzmzmzmzmzmz
zmzmzmzmzmzmzmzmzmzmzmzmzm
mzmzmzmzmzmzmzmzmzmzmzmzmz
zmzmzmzmzmzmzmzmzmzmzmzmzm
mzmzmzmzmzmzmzmzmzmzmzmzmz
zmzmzmzmzmzmzmzmzmzmzmzmzm
mzmzmzmzmzmzmzmzmzmzmzmzmz
zmzmzmzmzmzmzmzmzmzmzmzmzm
mzmzmzmzmzmzmzmzmzmzmzmzmz
zmzmzmzmzmzmzmzmzmzmzmzmzm
mzmzmzmzmzmzmzmzmzmzmzmzmz
zmzmzmzmzmzmzmzmzmzmzmzmzm
mzmzmzmzmzmzmzmzmzmzmzmzmz
zmzmzmzmzmzmzmzmzmzmzmzmzm
mzmzmzmzmzmzmzmzmzmzmzmzmz
zmzmzmzmzmzmzmzmzmzmzmzmzm
mzmzmzmzmzmzmzmzmzmzmzmzmz
zmzmzmzmzmzmzmzmzmzmzmzmzm
mzmzmzmzmzmzmzmzmzmzmzmzmz
zmzmzmzmzmzmzmzmzmzmzmzmzm
mzmzmzmzmzmzmzmzmzmzmzmzmz
zmzmzmzmzmzmzmzmzmzmzmzmzm
mzmzmzmzmzmzmzmzmzmzmzmzmz
zmzmzmzmzmzmzmzmzmzmzmzmzm
mzmzmzmzmzmzmzmzmzmzmzmzmz
zmzmzmzmzmzmzmzmzmzmzmzmzm
mzmzmzmzmzmzmzmzmzmzmzmzmz
zmzmzmzmzmzmzmzmzmzmzmzmzm
mzmzmzmzmzmzmzmzmzmzmzmzmz
zmzmzmzmzmzmzmzmzmzmzmzmzm
mzmzmzmzmzmzmzmzmzmzmzmzmz
zmzmzmzmzmzmzmzmzmzmzmzmzm
mzmzmzmzmzmzmzmzmzmzmzmzmz
zmzmzmzmzmzmzmzmzmzmzmzmzm
mzmzmzmzmzmzmzmzmzmzmzmzmz
zmzmzmzmzmzmzmzmzmzmzmzmzm
mzmzmzmzmzmzmzmzmzmzmzmzmz
zmzmzmzmzmzmzmzmzmzmzmzmzm
mzmzmzmzmzmzmzmzmzmzmzmzmz
zmzmzmzmzmzmzmzmzmzmzmzmzm
mzmzmzmzmzmzmzmzmzmzmzmzmz
